###############################################################################
#
# IAR ELF Linker V9.10.1.308/W64 for ARM                  23/Sep/2021  21:20:03
# Copyright 2007-2021 IAR Systems AB.
#
#    Output file  =
#        D:\Embedded\Morshed\AUTOSAR_Port_Driver\Debug\Exe\AUTOSAR_Port_Driver.out
#    Map file     =
#        D:\Embedded\Morshed\AUTOSAR_Port_Driver\Debug\List\AUTOSAR_Port_Driver.map
#    Command line =
#        -f
#        D:\Embedded\Morshed\AUTOSAR_Port_Driver\Debug\Exe\AUTOSAR_Port_Driver.out.rsp
#        (D:\Embedded\Morshed\AUTOSAR_Port_Driver\Debug\Obj\App.o
#        D:\Embedded\Morshed\AUTOSAR_Port_Driver\Debug\Obj\Button.o
#        D:\Embedded\Morshed\AUTOSAR_Port_Driver\Debug\Obj\cstartup_M.o
#        D:\Embedded\Morshed\AUTOSAR_Port_Driver\Debug\Obj\Det.o
#        D:\Embedded\Morshed\AUTOSAR_Port_Driver\Debug\Obj\Dio.o
#        D:\Embedded\Morshed\AUTOSAR_Port_Driver\Debug\Obj\Dio_PBcfg.o
#        D:\Embedded\Morshed\AUTOSAR_Port_Driver\Debug\Obj\Gpt.o
#        D:\Embedded\Morshed\AUTOSAR_Port_Driver\Debug\Obj\Led.o
#        D:\Embedded\Morshed\AUTOSAR_Port_Driver\Debug\Obj\main.o
#        D:\Embedded\Morshed\AUTOSAR_Port_Driver\Debug\Obj\Os.o
#        D:\Embedded\Morshed\AUTOSAR_Port_Driver\Debug\Obj\Port.o
#        D:\Embedded\Morshed\AUTOSAR_Port_Driver\Debug\Obj\Port_Helper_Functions.o
#        D:\Embedded\Morshed\AUTOSAR_Port_Driver\Debug\Obj\Port_PBcfg.o
#        --no_out_extension -o
#        D:\Embedded\Morshed\AUTOSAR_Port_Driver\Debug\Exe\AUTOSAR_Port_Driver.out
#        --redirect _Printf=_PrintfFullNoMb --redirect _Scanf=_ScanfFullNoMb
#        --map
#        D:\Embedded\Morshed\AUTOSAR_Port_Driver\Debug\List\AUTOSAR_Port_Driver.map
#        --config "C:\Program Files\IAR Systems\Embedded Workbench
#        9.0\arm\config\linker\TexasInstruments\TM4C123GH6.icf" --semihosting
#        --entry __iar_program_start --vfe --text_out locale)
#
###############################################################################

*******************************************************************************
*** RUNTIME MODEL ATTRIBUTES
***

CppFlavor       = *
__SystemLibrary = DLib
__dlib_version  = 6


*******************************************************************************
*** HEAP SELECTION
***

The basic heap was selected because some modules are built with
size limitations (and not runtime checking), and --advanced_heap
was not specified.


*******************************************************************************
*** PLACEMENT SUMMARY
***

"A0":  place at address 0x0 { ro section .intvec };
"P1":  place in [from 0x0 to 0x3'ffff] { ro };
define block CSTACK with size = 4K, alignment = 8 { };
define block HEAP with size = 8K, alignment = 8 { };
"P2":  place in [from 0x2000'0000 to 0x2000'7fff] {
          rw, block CSTACK, block HEAP };
initialize by copy { rw };

  Section            Kind         Address    Size  Object
  -------            ----         -------    ----  ------
"A0":                                        0x40
  .intvec            const            0x0    0x40  cstartup_M.o [1]
                                   - 0x40    0x40

"P1":                                       0x8a4
  .text              ro code         0x40   0x250  Dio.o [1]
  .text              ro code        0x290     0x2  Det.o [1]
  .text              ro code        0x292    0x3a  packbits_init_single.o [4]
  .text              ro code        0x2cc   0x1f0  Port.o [1]
  .rodata            const          0x4bc   0x158  Port_PBcfg.o [1]
  .text              ro code        0x614    0xa4  Os.o [1]
  .text              ro code        0x6b8    0x64  Gpt.o [1]
  .text              ro code        0x71c    0x58  App.o [1]
  .text              ro code        0x774    0x7c  Button.o [1]
  .text              ro code        0x7f0    0x1e  Led.o [1]
  .text              ro code        0x80e     0x2  cstartup_M.o [1]
  .text              ro code        0x810    0x28  data_init.o [4]
  .text              ro code        0x838    0x22  fpinit_M.o [3]
  .iar.init_table    const          0x85c    0x10  - Linker created -
  .text              ro code        0x86c     0x2  cstartup_M.o [1]
  .text              ro code        0x870    0x1e  cmain.o [4]
  .text              ro code        0x88e     0x4  low_level_init.o [2]
  .text              ro code        0x892     0xa  main.o [1]
  .text              ro code        0x89c     0x4  exit.o [2]
  .text              ro code        0x8a0     0xa  cexit.o [4]
  .text              ro code        0x8aa     0x2  cstartup_M.o [1]
  .text              ro code        0x8ac    0x14  exit.o [5]
  .text              ro code        0x8c0    0x10  cstartup_M.o [1]
  .rodata            const          0x8d0     0x4  Dio_PBcfg.o [1]
  .text              ro code        0x8d4     0x2  cstartup_M.o [1]
  .text              ro code        0x8d6     0x2  cstartup_M.o [1]
  .text              ro code        0x8d8     0x2  cstartup_M.o [1]
  .text              ro code        0x8da     0x2  cstartup_M.o [1]
  .text              ro code        0x8dc     0x2  cstartup_M.o [1]
  .rodata            const          0x8de     0x0  packbits_init_single.o [4]
  Initializer bytes  const          0x8de     0x6  <for P2-1>
                                  - 0x8e4   0x8a4

"P2", part 1 of 2:                           0x11
  P2-1                        0x2000'0000    0x11  <Init block>
    .bss             inited   0x2000'0000     0x4  Dio.o [1]
    .bss             inited   0x2000'0004     0x4  Gpt.o [1]
    .data            inited   0x2000'0008     0x1  App.o [1]
    .data            inited   0x2000'0009     0x1  App.o [1]
    .data            inited   0x2000'000a     0x1  Button.o [1]
    .bss             inited   0x2000'000b     0x1  Button.o [1]
    .bss             inited   0x2000'000c     0x1  Button.o [1]
    .bss             inited   0x2000'000d     0x1  Dio.o [1]
    .bss             inited   0x2000'000e     0x1  Os.o [1]
    .bss             inited   0x2000'000f     0x1  Os.o [1]
    .bss             inited   0x2000'0010     0x1  Port.o [1]
                            - 0x2000'0011    0x11

"P2", part 2 of 2:                         0x1000
  CSTACK                      0x2000'0018  0x1000  <Block>
    CSTACK           uninit   0x2000'0018  0x1000  <Block tail>
                            - 0x2000'1018  0x1000

Unused ranges:

         From           To      Size
         ----           --      ----
        0x8e4     0x3'ffff  0x3'f71c
  0x2000'0011  0x2000'0017       0x7
  0x2000'1018  0x2000'7fff    0x6fe8


*******************************************************************************
*** INIT TABLE
***

          Address      Size
          -------      ----
Copy/packbits (__iar_packbits_init_single3)
    1 source range, total size 0x6 (35% of destination):
                0x8de   0x6
    1 destination range, total size 0x11:
          0x2000'0000  0x11



*******************************************************************************
*** MODULE SUMMARY
***

    Module                  ro code  ro data  rw data
    ------                  -------  -------  -------
command line/config:
    -------------------------------------------------
    Total:

D:\Embedded\Morshed\AUTOSAR_Port_Driver\Debug\Obj: [1]
    App.o                        88        1        2
    Button.o                    124        1        3
    Det.o                         2
    Dio.o                       592        1        5
    Dio_PBcfg.o                            4
    Gpt.o                       100        1        4
    Led.o                        30
    Os.o                        164        1        2
    Port.o                      496        1        1
    Port_PBcfg.o                         344
    cstartup_M.o                 32       64
    main.o                       10
    -------------------------------------------------
    Total:                    1'638      418       17

dl7M_tln.a: [2]
    exit.o                        4
    low_level_init.o              4
    -------------------------------------------------
    Total:                        8

m7M_tls.a: [3]
    fpinit_M.o                   34
    -------------------------------------------------
    Total:                       34

rt7M_tl.a: [4]
    cexit.o                      10
    cmain.o                      30
    data_init.o                  40
    packbits_init_single.o       58
    -------------------------------------------------
    Total:                      138

shb_l.a: [5]
    exit.o                       20
    -------------------------------------------------
    Total:                       20

    Gaps                          2        2
    Linker created                        16    4'096
-----------------------------------------------------
    Grand Total:              1'840      436    4'113


*******************************************************************************
*** ENTRY LIST
***

Entry                       Address   Size  Type      Object
-----                       -------   ----  ----      ------
.iar.init_table$$Base         0x85c          --   Gb  - Linker created -
.iar.init_table$$Limit        0x86c          --   Gb  - Linker created -
?main                         0x871         Code  Gb  cmain.o [4]
App_Task                      0x73d   0x28  Code  Gb  App.o [1]
App_Task::button_current_state
                        0x2000'0009    0x1  Data  Lc  App.o [1]
App_Task::button_previous_state
                        0x2000'0008    0x1  Data  Lc  App.o [1]
BUTTON_getState               0x775    0x6  Code  Gb  Button.o [1]
BUTTON_refreshState           0x77b   0x68  Code  Gb  Button.o [1]
BUTTON_refreshState::g_Pressed_Count
                        0x2000'000b    0x1  Data  Lc  Button.o [1]
BUTTON_refreshState::g_Released_Count
                        0x2000'000c    0x1  Data  Lc  Button.o [1]
BusFault_Handler              0x8d5    0x2  Code  Gb  cstartup_M.o [1]
Button_Task                   0x72d    0x8  Code  Gb  App.o [1]
CSTACK$$Base            0x2000'0018          --   Gb  - Linker created -
CSTACK$$Limit           0x2000'1018          --   Gb  - Linker created -
DebugMon_Handler              0x8db    0x2  Code  Gb  cstartup_M.o [1]
Det_ReportError               0x291    0x2  Code  Gb  Det.o [1]
Dio_Configuration             0x8d0    0x4  Data  Gb  Dio_PBcfg.o [1]
Dio_FlipChannel               0x1ab   0xc6  Code  Gb  Dio.o [1]
Dio_Init                       0x41   0x20  Code  Gb  Dio.o [1]
Dio_PortChannels        0x2000'0000    0x4  Data  Lc  Dio.o [1]
Dio_ReadChannel               0x117   0x94  Code  Gb  Dio.o [1]
Dio_Status              0x2000'000d    0x1  Data  Lc  Dio.o [1]
Dio_WriteChannel               0x61   0xb6  Code  Gb  Dio.o [1]
HardFault_Handler             0x86d    0x2  Code  Gb  cstartup_M.o [1]
Init_Task                     0x71d   0x10  Code  Gb  App.o [1]
LED_refreshOutput             0x7f1   0x14  Code  Gb  Led.o [1]
LED_toggle                    0x805    0xa  Code  Gb  Led.o [1]
Led_Task                      0x735    0x8  Code  Gb  App.o [1]
MemManage_Handler             0x8ab    0x2  Code  Gb  cstartup_M.o [1]
NMI_Handler                   0x80f    0x2  Code  Gb  cstartup_M.o [1]
Os_NewTimerTick               0x631   0x12  Code  Gb  Os.o [1]
Os_Scheduler                  0x643   0x6e  Code  Gb  Os.o [1]
Os_start                      0x615   0x1c  Code  Gb  Os.o [1]
PendSV_Handler                0x8dd    0x2  Code  Gb  cstartup_M.o [1]
Port_Configuration            0x4bc  0x158  Data  Gb  Port_PBcfg.o [1]
Port_Init                     0x2cd   0x3a  Code  Gb  Port.o [1]
Port_SetupGpioPin             0x307  0x192  Code  Lc  Port.o [1]
Port_Status             0x2000'0010    0x1  Data  Lc  Port.o [1]
Region$$Table$$Base           0x85c          --   Gb  - Linker created -
Region$$Table$$Limit          0x86c          --   Gb  - Linker created -
SVC_Handler                   0x8d9    0x2  Code  Gb  cstartup_M.o [1]
SysTick_Handler               0x6b9   0x12  Code  Gb  Gpt.o [1]
SysTick_SetCallBack           0x701    0x6  Code  Gb  Gpt.o [1]
SysTick_Start                 0x6cb   0x36  Code  Gb  Gpt.o [1]
UsageFault_Handler            0x8d7    0x2  Code  Gb  cstartup_M.o [1]
__cmain                       0x871         Code  Gb  cmain.o [4]
__exit                        0x8ad   0x14  Code  Gb  exit.o [5]
__iar_data_init3              0x811   0x28  Code  Gb  data_init.o [4]
__iar_init_vfp                0x839         Code  Gb  fpinit_M.o [3]
__iar_packbits_init_single3
                              0x293   0x3a  Code  Gb  packbits_init_single.o [4]
__iar_program_start           0x8c1   0x10  Code  Gb  cstartup_M.o [1]
__low_level_init              0x88f    0x4  Code  Gb  low_level_init.o [2]
__vector_table                  0x0   0x40  Data  Gb  cstartup_M.o [1]
_call_main                    0x87d         Code  Gb  cmain.o [4]
_exit                         0x8a1         Code  Gb  cexit.o [4]
exit                          0x89d    0x4  Code  Gb  exit.o [2]
g_New_Time_Tick_Flag    0x2000'000f    0x1  Data  Lc  Os.o [1]
g_SysTick_Call_Back_Ptr
                        0x2000'0004    0x4  Data  Lc  Gpt.o [1]
g_Time_Tick_Count       0x2000'000e    0x1  Data  Lc  Os.o [1]
g_button_state          0x2000'000a    0x1  Data  Lc  Button.o [1]
main                          0x893    0xa  Code  Gb  main.o [1]


[1] = D:\Embedded\Morshed\AUTOSAR_Port_Driver\Debug\Obj
[2] = dl7M_tln.a
[3] = m7M_tls.a
[4] = rt7M_tl.a
[5] = shb_l.a

  1'840 bytes of readonly  code memory
    436 bytes of readonly  data memory
  4'113 bytes of readwrite data memory

Errors: none
Warnings: none
